[5e980cfd08e07.site123.me/index.html]
[static1.s123-cdn-static-a.com/uploads/3370017/2000_5e980e45cf5a5.jpg]
[cdn-cms-s.f-static.net/manager/websites/site123_website/files/logos/brand_files_2020/Icons/Png/Icon_blue65ce.png]
[cdn-cms-s.f-static.net/ready_uploads/pwaScreenLogo/pwaImaged844.png]
[cdn-cms-s.f-static.net/ready_uploads/pwaScreenLogo/pwaImagee708.png]
[cdn-cms-s.f-static.net/ready_uploads/pwaScreenLogo/pwaImage18aa.png]
[backblue.gif]
[fade.gif]
[index.html]
[cdn-cms-s.f-static.net/versions/2/css/minimize_main65ce.css]
[cdn-cms-s.f-static.net/versions/2/css/websiteCSS181d.css]
[cdn-cms-s.f-static.net/manager/websites/site123_website/files/logos/brand_files_2020/Logo/Horizontal/PNG/Horizontal_Black65ce.png]
[5e980cfd08e07.site123.me/5e980cfd08e07.site123.me]
[cdn-cms-s.f-static.net/versions/2/js/minimize_p165ce.js]
[cdn-cms-s.f-static.net/versions/2/js/minimize_p265ce.js]
[cdn-cms-s.f-static.net/versions/2/js/minimize_p365ce.js]
[cdn-cms-s.f-static.net/versions/2/js/minimize_p465ce.js]
[cdn-cms-s.f-static.net/versions/2/js/minimize_scripts65ce.js]
[cdn-cms-s.f-static.net/versions/2/wizard/statistics/js/generateStats-min65ce.js]
[5e980cfd08e07.site123.me/index.html]
[cdn-cms-s.f-static.net/files/vendor/slick-1.8.1/slick/ajax-loader.gif]
[cdn-cms-s.f-static.net/versions/2/css/owl.video.play.png]
[cdn-cms-s.f-static.net/versions/2/css/minimize_main65ce.css]
[cdn-cms-s.f-static.net/versions/2/css/websiteCSS181d.css]
[5e980cfd08e07.site123.me/5e980cfd08e07.site123.html]
[cdn-cms-s.f-static.net/versions/2/css/owl.video.play.html]
